// Jest Snapshot v1, https://goo.gl/fbAQLP

exports[`should render a list of players 1`] = `
<div>
  <h1>
    Players
  </h1>
  <table
    class="resource-table"
  >
    <thead>
      <tr>
        <th>
          Player Name
        </th>
        <th>
          Actions
        </th>
      </tr>
    </thead>
    <tbody>
      <tr>
        <td>
          <a
            href="/players/1"
          >
            Ben E. Jetts
          </a>
        </td>
        <td>
          <a
            href="/players/1"
          >
            <button
              class="btn-view"
              type="button"
            >
              View
            </button>
          </a>
        </td>
      </tr>
      <tr>
        <td>
          <a
            href="/players/12"
          >
            Betty Grey
          </a>
        </td>
        <td>
          <a
            href="/players/12"
          >
            <button
              class="btn-view"
              type="button"
            >
              View
            </button>
          </a>
        </td>
      </tr>
      <tr>
        <td>
          <a
            href="/players/7"
          >
            Bud E. Guy
          </a>
        </td>
        <td>
          <a
            href="/players/7"
          >
            <button
              class="btn-view"
              type="button"
            >
              View
            </button>
          </a>
        </td>
      </tr>
      <tr>
        <td>
          <a
            href="/players/8"
          >
            Buster Rimes
          </a>
        </td>
        <td>
          <a
            href="/players/8"
          >
            <button
              class="btn-view"
              type="button"
            >
              View
            </button>
          </a>
        </td>
      </tr>
      <tr>
        <td>
          <a
            href="/players/9"
          >
            Deb E. Downer
          </a>
        </td>
        <td>
          <a
            href="/players/9"
          >
            <button
              class="btn-view"
              type="button"
            >
              View
            </button>
          </a>
        </td>
      </tr>
      <tr>
        <td>
          <a
            href="/players/13"
          >
            Dwayne Elizondo Mountain Dew Herbert Camacho
          </a>
        </td>
        <td>
          <a
            href="/players/13"
          >
            <button
              class="btn-view"
              type="button"
            >
              View
            </button>
          </a>
        </td>
      </tr>
      <tr>
        <td>
          <a
            href="/players/15"
          >
            Frito Pendejo
          </a>
        </td>
        <td>
          <a
            href="/players/15"
          >
            <button
              class="btn-view"
              type="button"
            >
              View
            </button>
          </a>
        </td>
      </tr>
      <tr>
        <td>
          <a
            href="/players/5"
          >
            Gary Coolman
          </a>
        </td>
        <td>
          <a
            href="/players/5"
          >
            <button
              class="btn-view"
              type="button"
            >
              View
            </button>
          </a>
        </td>
      </tr>
      <tr>
        <td>
          <a
            href="/players/2"
          >
            Hans Olo
          </a>
        </td>
        <td>
          <a
            href="/players/2"
          >
            <button
              class="btn-view"
              type="button"
            >
              View
            </button>
          </a>
        </td>
      </tr>
      <tr>
        <td>
          <a
            href="/players/10"
          >
            Jayne Phonda
          </a>
        </td>
        <td>
          <a
            href="/players/10"
          >
            <button
              class="btn-view"
              type="button"
            >
              View
            </button>
          </a>
        </td>
      </tr>
      <tr>
        <td>
          <a
            href="/players/14"
          >
            Joe Bauers
          </a>
        </td>
        <td>
          <a
            href="/players/14"
          >
            <button
              class="btn-view"
              type="button"
            >
              View
            </button>
          </a>
        </td>
      </tr>
      <tr>
        <td>
          <a
            href="/players/11"
          >
            Kara Whollot
          </a>
        </td>
        <td>
          <a
            href="/players/11"
          >
            <button
              class="btn-view"
              type="button"
            >
              View
            </button>
          </a>
        </td>
      </tr>
      <tr>
        <td>
          <a
            href="/players/3"
          >
            Ron Long
          </a>
        </td>
        <td>
          <a
            href="/players/3"
          >
            <button
              class="btn-view"
              type="button"
            >
              View
            </button>
          </a>
        </td>
      </tr>
      <tr>
        <td>
          <a
            href="/players/4"
          >
            Shorty Biggum
          </a>
        </td>
        <td>
          <a
            href="/players/4"
          >
            <button
              class="btn-view"
              type="button"
            >
              View
            </button>
          </a>
        </td>
      </tr>
      <tr>
        <td>
          <a
            href="/players/6"
          >
            Terry Cruise
          </a>
        </td>
        <td>
          <a
            href="/players/6"
          >
            <button
              class="btn-view"
              type="button"
            >
              View
            </button>
          </a>
        </td>
      </tr>
    </tbody>
  </table>
</div>
`;
